(string) (len=159) "{\"kind\":\"pod\",\"metadata\":{\"creationTimestamp\":null},\"spec\":{\"containers\":[{\"image\":\"library/nginx@sha256:2f2f2f\",\"name\":\"nginx\",\"resources\":{}}]},\"status\":{}}\n"
